[36mvite v7.3.1 [32mbuilding client environment for production...[36m[39m
transforming...
[32mΓ£ô[39m 1720 modules transformed.
rendering chunks...
computing gzip size...
[2mdist/[22m[32mindex.html                 [39m[1m[2m  0.70 kB[22m[1m[22m[2m Γöé gzip:  0.43 kB[22m
[2mdist/[22m[35massets/index-Css_skGo.css  [39m[1m[2m 12.72 kB[22m[1m[22m[2m Γöé gzip:  3.16 kB[22m
[2mdist/[22m[36massets/index-CLnhkyRM.js   [39m[1m[2m237.11 kB[22m[1m[22m[2m Γöé gzip: 74.37 kB[22m
[32mΓ£ô built in 4.22s[39m
